begin;
BEGIN
--
-- Test forbidden functions
--
CREATE FUNCTION test_show_source() RETURNS text
LANGUAGE plphp AS $$
	return show_source();
$$;
CREATE FUNCTION
SELECT test_show_source();
ERROR:  Uncaught Error: Call to undefined function show_source() in plphp function source:2
Stack trace:
#0 [internal function]: plphp_proc_718517()
#1 {main}
  thrown at line 2

SELECT * FROM test_show_source();
ERROR:  Uncaught Error: Call to undefined function show_source() in plphp function source:2
Stack trace:
#0 [internal function]: plphp_proc_718517()
#1 {main}
  thrown at line 2

CREATE FUNCTION test_exec() RETURNS text
LANGUAGE plphp AS $$
	return exec("psql --version");
$$;
CREATE FUNCTION
SELECT test_exec();
ERROR:  Uncaught Error: Call to undefined function exec() in plphp function source:2
Stack trace:
#0 [internal function]: plphp_proc_726137()
#1 {main}
  thrown at line 2

SELECT * FROM test_exec();
ERROR:  Uncaught Error: Call to undefined function exec() in plphp function source:2
Stack trace:
#0 [internal function]: plphp_proc_726137()
#1 {main}
  thrown at line 2

rollback;
ROLLBACK
